<html>
<body>
<pre>
<h1>µVision Build Log</h1>
<h2>Project:</h2>
D:\Profiles\B38350\My Documents\Code Repositories\L2K\L2K_SC_Launch\KL25_SC_Launch\klxx-sc-baremetal\build\keil\low_power_demo\low_power_demo.uvproj
Project File Date:  12/06/2012

<h2>Output:</h2>
Rebuild Project 'low_power_demo' - Target 'KL25Z128 - Flash'
compiling core_portme.c...
compiling core_list_join.c...
compiling core_main.c...
compiling core_matrix.c...
compiling core_state.c...
compiling core_util.c...
compiling uif.c...
D:\Profiles\B38350\My Documents\Code Repositories\L2K\L2K_SC_Launch\KL25_SC_Launch\klxx-sc-baremetal\src\common\uif.c(162): warning:  #1293-D: assignment in condition
compiling alloc.c...
compiling assert.c...
compiling io.c...
compiling memtest.c...
compiling queue.c...
compiling stdlib.c...
compiling nmi_isr_handler.c...
compiling start.c...
compiling sysinit.c...
compiling system_MKL25Z4.c...
assembling startup_MKL25Z4.s...
compiling arm_cm0.c...
compiling cmp.c...
compiling llwu.c...
compiling lptmr.c...
compiling mcg.c...
compiling pmc.c...
compiling rcm.c...
compiling rtc.c...
compiling smc.c...
compiling uart.c...
compiling Serial.c...
D:\Profiles\B38350\My Documents\Code Repositories\L2K\L2K_SC_Launch\KL25_SC_Launch\klxx-sc-baremetal\src\drivers\uart\Serial.c(88): warning:  #111-D: statement is unreachable
compiling Retarget.c...
compiling low_power_demo.c...
D:\Profiles\B38350\My Documents\Code Repositories\L2K\L2K_SC_Launch\KL25_SC_Launch\klxx-sc-baremetal\src\projects\low_power_demo\low_power_demo.c(760): warning:  #188-D: enumerated type mixed with another type
D:\Profiles\B38350\My Documents\Code Repositories\L2K\L2K_SC_Launch\KL25_SC_Launch\klxx-sc-baremetal\src\projects\low_power_demo\low_power_demo.c(788): warning:  #188-D: enumerated type mixed with another type
D:\Profiles\B38350\My Documents\Code Repositories\L2K\L2K_SC_Launch\KL25_SC_Launch\klxx-sc-baremetal\src\projects\low_power_demo\low_power_demo.c(789): warning:  #188-D: enumerated type mixed with another type
linking...
Program Size: Code=33044 RO-data=3660 RW-data=184 ZI-data=0  
User command #1: C:\Keil\V4_60\ARM\ARMCC\bin\fromelf.exe --bincombined --output=.\low_power_demo_Flash.bin ".\low_power_demo_Flash.axf"
"low_power_demo_Flash.axf" - 0 Error(s), 5 Warning(s).
