<html>
<body>
<pre>
<h1>µVision Build Log</h1>
<h2>Project:</h2>
D:\wh\Kinetis L Series\L2K\l2k-sc\build\keil\LQRUG_bme_ex1\LQRUG_bme_ex1.uvproj
Project File Date:  09/19/2012

<h2>Output:</h2>
Clean started: Project: 'LQRUG_bme_ex1'
   deleting intermediate output files for target 'KL25Z128 - Flash'
Build target 'KL25Z128 - Flash'
compiling LQRUG_bme_ex1.c...
..\..\..\src\projects\LQRUG_bme_ex1\BME.h(196): warning:  #1-D: last line of file ends without a newline
..\..\..\src\projects\LQRUG_bme_ex1\LQRUG_bme_ex1.c(29): warning:  #1295-D: Deprecated declaration ubfx_op_with_bme_macros - give arg types
compiling systick.c...
..\..\..\src\projects\LQRUG_bme_ex1\systick.c(37): warning:  #1-D: last line of file ends without a newline
compiling uif.c...
..\..\..\src\common\uif.c(162): warning:  #1293-D: assignment in condition
compiling alloc.c...
compiling assert.c...
compiling io.c...
compiling memtest.c...
compiling queue.c...
compiling stdlib.c...
compiling nmi_isr_handler.c...
compiling start.c...
compiling sysinit.c...
compiling system_MKL25Z4.c...
assembling startup_MKL25Z4.s...
compiling cmp.c...
compiling llwu.c...
compiling lptmr.c...
compiling mcg.c...
..\..\..\src\drivers\mcg\mcg.c(1666): warning: C3017W: fll_freq_hz may be used before being set
compiling pmc.c...
compiling rcm.c...
compiling rtc.c...
compiling smc.c...
..\..\..\src\drivers\smc\smc.c(185): warning: C3017W: return_value may be used before being set
compiling uart.c...
compiling Serial.c...
..\..\..\src\drivers\uart\Serial.c(88): warning:  #111-D: statement is unreachable
compiling Retarget.c...
linking...
Program Size: Code=4060 RO-data=364 RW-data=12 ZI-data=2052  
"LQRUG_bme_ex1_Flash.axf" - 0 Error(s), 7 Warning(s).
Clean started: Project: 'LQRUG_bme_ex1'
   deleting intermediate output files for target 'KL25Z128 - Flash'
Clean started: Project: 'LQRUG_bme_ex1'
   deleting intermediate output files for target 'KL25Z128 - Flash'
Clean started: Project: 'LQRUG_bme_ex1'
   deleting intermediate output files for target 'KL25Z128 - Flash'
Build target 'KL25Z128 - Flash'
compiling LQRUG_bme_ex1.c...
..\..\..\src\projects\LQRUG_bme_ex1\BME.h(196): warning:  #1-D: last line of file ends without a newline
..\..\..\src\projects\LQRUG_bme_ex1\LQRUG_bme_ex1.c(29): warning:  #1295-D: Deprecated declaration ubfx_op_with_bme_macros - give arg types
compiling systick.c...
..\..\..\src\projects\LQRUG_bme_ex1\systick.c(37): warning:  #1-D: last line of file ends without a newline
compiling uif.c...
..\..\..\src\common\uif.c(162): warning:  #1293-D: assignment in condition
compiling alloc.c...
compiling assert.c...
compiling io.c...
compiling memtest.c...
compiling queue.c...
compiling stdlib.c...
compiling nmi_isr_handler.c...
compiling start.c...
compiling sysinit.c...
compiling system_MKL25Z4.c...
assembling startup_MKL25Z4.s...
compiling cmp.c...
compiling llwu.c...
compiling lptmr.c...
compiling mcg.c...
..\..\..\src\drivers\mcg\mcg.c(1666): warning: C3017W: fll_freq_hz may be used before being set
compiling pmc.c...
compiling rcm.c...
compiling rtc.c...
compiling smc.c...
..\..\..\src\drivers\smc\smc.c(185): warning: C3017W: return_value may be used before being set
compiling uart.c...
compiling Serial.c...
..\..\..\src\drivers\uart\Serial.c(88): warning:  #111-D: statement is unreachable
compiling Retarget.c...
linking...
Program Size: Code=4060 RO-data=364 RW-data=12 ZI-data=2052  
".\objs\LQRUG_bme_ex1_Flash.axf" - 0 Error(s), 7 Warning(s).
