<html>
<body>
<pre>
<h1>µVision Build Log</h1>
<h2>Project:</h2>
D:\Profiles\B38350\My Documents\Code Repositories\L2K\L2K_SC_Launch\KL25_SC_Launch\klxx-sc-baremetal\build\keil\twr-kl25Demo\twr-kl25Demo.uvproj
Project File Date:  10/30/2012

<h2>Output:</h2>
Rebuild Project 'twr-kl25Demo' - Target 'KL25Z128 - Flash'
compiling twr-kl25Demo.c...
D:\Profiles\B38350\My Documents\Code Repositories\L2K\L2K_SC_Launch\KL25_SC_Launch\klxx-sc-baremetal\src\projects\twr-kl25Demo\twr-kl25Demo.c(45): warning:  #61-D: integer operation result is out of range
D:\Profiles\B38350\My Documents\Code Repositories\L2K\L2K_SC_Launch\KL25_SC_Launch\klxx-sc-baremetal\src\projects\twr-kl25Demo\twr-kl25Demo.c(45): warning:  #68-D: integer conversion resulted in a change of sign
compiling global.c...
compiling pit.c...
compiling angle_cal.c...
compiling asin.c...
compiling median.c...
compiling sqrt16.c...
compiling bsp_KL25.c...
compiling ROBOT_GPIO.c...
compiling twr_kl25_gpio.c...
compiling hal_dev_mma8451.c...
compiling hal_i2c.c...
compiling rtc.c...
D:\Profiles\B38350\My Documents\Code Repositories\L2K\L2K_SC_Launch\KL25_SC_Launch\klxx-sc-baremetal\src\projects\twr-kl25Demo\rtc\rtc.c(61): error:  #20: identifier "INT_RTC" is undefined
compiling task_mgr.c...
compiling TSIDrv.c...
compiling ring_buffer.c...
compiling usb.c...
D:\Profiles\B38350\My Documents\Code Repositories\L2K\L2K_SC_Launch\KL25_SC_Launch\klxx-sc-baremetal\src\projects\twr-kl25Demo\usb\usb.c(186): warning:  #188-D: enumerated type mixed with another type
compiling usb_cdc.c...
compiling usb_reg.c...
D:\Profiles\B38350\My Documents\Code Repositories\L2K\L2K_SC_Launch\KL25_SC_Launch\klxx-sc-baremetal\src\projects\twr-kl25Demo\usb\usb_reg.c(8): warning:  #61-D: integer operation result is out of range
D:\Profiles\B38350\My Documents\Code Repositories\L2K\L2K_SC_Launch\KL25_SC_Launch\klxx-sc-baremetal\src\projects\twr-kl25Demo\usb\usb_reg.c(15): warning:  #61-D: integer operation result is out of range
D:\Profiles\B38350\My Documents\Code Repositories\L2K\L2K_SC_Launch\KL25_SC_Launch\klxx-sc-baremetal\src\projects\twr-kl25Demo\usb\usb_reg.c(15): warning:  #68-D: integer conversion resulted in a change of sign
D:\Profiles\B38350\My Documents\Code Repositories\L2K\L2K_SC_Launch\KL25_SC_Launch\klxx-sc-baremetal\src\projects\twr-kl25Demo\usb\usb_reg.c(23): warning:  #61-D: integer operation result is out of range
D:\Profiles\B38350\My Documents\Code Repositories\L2K\L2K_SC_Launch\KL25_SC_Launch\klxx-sc-baremetal\src\projects\twr-kl25Demo\usb\usb_reg.c(23): warning:  #68-D: integer conversion resulted in a change of sign
D:\Profiles\B38350\My Documents\Code Repositories\L2K\L2K_SC_Launch\KL25_SC_Launch\klxx-sc-baremetal\src\projects\twr-kl25Demo\usb\usb_reg.c(28): warning:  #1-D: last line of file ends without a newline
compiling adc_test.c...
compiling adc16.c...
compiling sysinit.c...
D:\Profiles\B38350\My Documents\Code Repositories\L2K\L2K_SC_Launch\KL25_SC_Launch\klxx-sc-baremetal\src\projects\twr-kl25Demo\sysinit.c(178): warning:  #188-D: enumerated type mixed with another type
compiling uif.c...
D:\Profiles\B38350\My Documents\Code Repositories\L2K\L2K_SC_Launch\KL25_SC_Launch\klxx-sc-baremetal\src\common\uif.c(162): warning:  #1293-D: assignment in condition
compiling alloc.c...
compiling assert.c...
compiling io.c...
compiling memtest.c...
compiling queue.c...
compiling stdlib.c...
compiling nmi_isr_handler.c...
compiling start.c...
compiling system_MKL25Z4.c...
assembling startup_MKL25Z4.s...
compiling arm_cm0.c...
compiling cmp.c...
compiling llwu.c...
compiling lptmr.c...
compiling mcg.c...
compiling pmc.c...
compiling rcm.c...
compiling smc.c...
compiling uart.c...
compiling Serial.c...
D:\Profiles\B38350\My Documents\Code Repositories\L2K\L2K_SC_Launch\KL25_SC_Launch\klxx-sc-baremetal\src\drivers\uart\Serial.c(88): warning:  #111-D: statement is unreachable
compiling Retarget.c...
Target not created
Rebuild Project 'twr-kl25Demo' - Target 'KL25Z128 - Flash'
compiling twr-kl25Demo.c...
D:\Profiles\B38350\My Documents\Code Repositories\L2K\L2K_SC_Launch\KL25_SC_Launch\klxx-sc-baremetal\src\projects\twr-kl25Demo\twr-kl25Demo.c(45): warning:  #61-D: integer operation result is out of range
D:\Profiles\B38350\My Documents\Code Repositories\L2K\L2K_SC_Launch\KL25_SC_Launch\klxx-sc-baremetal\src\projects\twr-kl25Demo\twr-kl25Demo.c(45): warning:  #68-D: integer conversion resulted in a change of sign
compiling global.c...
compiling pit.c...
compiling angle_cal.c...
compiling asin.c...
compiling median.c...
compiling sqrt16.c...
compiling bsp_KL25.c...
compiling ROBOT_GPIO.c...
compiling twr_kl25_gpio.c...
compiling hal_dev_mma8451.c...
compiling hal_i2c.c...
compiling rtc.c...
compiling task_mgr.c...
compiling TSIDrv.c...
compiling ring_buffer.c...
compiling usb.c...
D:\Profiles\B38350\My Documents\Code Repositories\L2K\L2K_SC_Launch\KL25_SC_Launch\klxx-sc-baremetal\src\projects\twr-kl25Demo\usb\usb.c(186): warning:  #188-D: enumerated type mixed with another type
compiling usb_cdc.c...
compiling usb_reg.c...
D:\Profiles\B38350\My Documents\Code Repositories\L2K\L2K_SC_Launch\KL25_SC_Launch\klxx-sc-baremetal\src\projects\twr-kl25Demo\usb\usb_reg.c(8): warning:  #61-D: integer operation result is out of range
D:\Profiles\B38350\My Documents\Code Repositories\L2K\L2K_SC_Launch\KL25_SC_Launch\klxx-sc-baremetal\src\projects\twr-kl25Demo\usb\usb_reg.c(15): warning:  #61-D: integer operation result is out of range
D:\Profiles\B38350\My Documents\Code Repositories\L2K\L2K_SC_Launch\KL25_SC_Launch\klxx-sc-baremetal\src\projects\twr-kl25Demo\usb\usb_reg.c(15): warning:  #68-D: integer conversion resulted in a change of sign
D:\Profiles\B38350\My Documents\Code Repositories\L2K\L2K_SC_Launch\KL25_SC_Launch\klxx-sc-baremetal\src\projects\twr-kl25Demo\usb\usb_reg.c(23): warning:  #61-D: integer operation result is out of range
D:\Profiles\B38350\My Documents\Code Repositories\L2K\L2K_SC_Launch\KL25_SC_Launch\klxx-sc-baremetal\src\projects\twr-kl25Demo\usb\usb_reg.c(23): warning:  #68-D: integer conversion resulted in a change of sign
D:\Profiles\B38350\My Documents\Code Repositories\L2K\L2K_SC_Launch\KL25_SC_Launch\klxx-sc-baremetal\src\projects\twr-kl25Demo\usb\usb_reg.c(28): warning:  #1-D: last line of file ends without a newline
compiling adc_test.c...
compiling adc16.c...
compiling sysinit.c...
D:\Profiles\B38350\My Documents\Code Repositories\L2K\L2K_SC_Launch\KL25_SC_Launch\klxx-sc-baremetal\src\projects\twr-kl25Demo\sysinit.c(178): warning:  #188-D: enumerated type mixed with another type
compiling uif.c...
D:\Profiles\B38350\My Documents\Code Repositories\L2K\L2K_SC_Launch\KL25_SC_Launch\klxx-sc-baremetal\src\common\uif.c(162): warning:  #1293-D: assignment in condition
compiling alloc.c...
compiling assert.c...
compiling io.c...
compiling memtest.c...
compiling queue.c...
compiling stdlib.c...
compiling nmi_isr_handler.c...
compiling start.c...
compiling system_MKL25Z4.c...
assembling startup_MKL25Z4.s...
compiling arm_cm0.c...
compiling cmp.c...
compiling llwu.c...
compiling lptmr.c...
compiling mcg.c...
compiling pmc.c...
compiling rcm.c...
compiling smc.c...
compiling uart.c...
compiling Serial.c...
D:\Profiles\B38350\My Documents\Code Repositories\L2K\L2K_SC_Launch\KL25_SC_Launch\klxx-sc-baremetal\src\drivers\uart\Serial.c(88): warning:  #111-D: statement is unreachable
compiling Retarget.c...
linking...
Program Size: Code=15704 RO-data=2692 RW-data=412 ZI-data=4764  
User command #1: C:\Keil\V4_60\ARM\ARMCC\bin\fromelf.exe --m32combined --output=.\twr-kl25Demo.srec ".\twr-kl25Demo.axf"
".\twr-kl25Demo.axf": Error: Q0122E: Could not open file '.\twr-kl25Demo.axf': No such file or directory
Finished: 0 information, 0 warning and 1 error messages.
"twr-kl25Demo_Flash.axf" - 0 Error(s), 12 Warning(s).
Rebuild Project 'twr-kl25Demo' - Target 'KL25Z128 - Flash'
compiling twr-kl25Demo.c...
D:\Profiles\B38350\My Documents\Code Repositories\L2K\L2K_SC_Launch\KL25_SC_Launch\klxx-sc-baremetal\src\projects\twr-kl25Demo\twr-kl25Demo.c(45): warning:  #61-D: integer operation result is out of range
D:\Profiles\B38350\My Documents\Code Repositories\L2K\L2K_SC_Launch\KL25_SC_Launch\klxx-sc-baremetal\src\projects\twr-kl25Demo\twr-kl25Demo.c(45): warning:  #68-D: integer conversion resulted in a change of sign
compiling global.c...
compiling pit.c...
compiling angle_cal.c...
compiling asin.c...
compiling median.c...
compiling sqrt16.c...
compiling bsp_KL25.c...
compiling ROBOT_GPIO.c...
compiling twr_kl25_gpio.c...
compiling hal_dev_mma8451.c...
compiling hal_i2c.c...
compiling rtc.c...
compiling task_mgr.c...
compiling TSIDrv.c...
compiling ring_buffer.c...
compiling usb.c...
D:\Profiles\B38350\My Documents\Code Repositories\L2K\L2K_SC_Launch\KL25_SC_Launch\klxx-sc-baremetal\src\projects\twr-kl25Demo\usb\usb.c(186): warning:  #188-D: enumerated type mixed with another type
compiling usb_cdc.c...
compiling usb_reg.c...
D:\Profiles\B38350\My Documents\Code Repositories\L2K\L2K_SC_Launch\KL25_SC_Launch\klxx-sc-baremetal\src\projects\twr-kl25Demo\usb\usb_reg.c(8): warning:  #61-D: integer operation result is out of range
D:\Profiles\B38350\My Documents\Code Repositories\L2K\L2K_SC_Launch\KL25_SC_Launch\klxx-sc-baremetal\src\projects\twr-kl25Demo\usb\usb_reg.c(15): warning:  #61-D: integer operation result is out of range
D:\Profiles\B38350\My Documents\Code Repositories\L2K\L2K_SC_Launch\KL25_SC_Launch\klxx-sc-baremetal\src\projects\twr-kl25Demo\usb\usb_reg.c(15): warning:  #68-D: integer conversion resulted in a change of sign
D:\Profiles\B38350\My Documents\Code Repositories\L2K\L2K_SC_Launch\KL25_SC_Launch\klxx-sc-baremetal\src\projects\twr-kl25Demo\usb\usb_reg.c(23): warning:  #61-D: integer operation result is out of range
D:\Profiles\B38350\My Documents\Code Repositories\L2K\L2K_SC_Launch\KL25_SC_Launch\klxx-sc-baremetal\src\projects\twr-kl25Demo\usb\usb_reg.c(23): warning:  #68-D: integer conversion resulted in a change of sign
D:\Profiles\B38350\My Documents\Code Repositories\L2K\L2K_SC_Launch\KL25_SC_Launch\klxx-sc-baremetal\src\projects\twr-kl25Demo\usb\usb_reg.c(28): warning:  #1-D: last line of file ends without a newline
compiling adc_test.c...
compiling adc16.c...
compiling sysinit.c...
D:\Profiles\B38350\My Documents\Code Repositories\L2K\L2K_SC_Launch\KL25_SC_Launch\klxx-sc-baremetal\src\projects\twr-kl25Demo\sysinit.c(178): warning:  #188-D: enumerated type mixed with another type
compiling uif.c...
D:\Profiles\B38350\My Documents\Code Repositories\L2K\L2K_SC_Launch\KL25_SC_Launch\klxx-sc-baremetal\src\common\uif.c(162): warning:  #1293-D: assignment in condition
compiling alloc.c...
compiling assert.c...
compiling io.c...
compiling memtest.c...
compiling queue.c...
compiling stdlib.c...
compiling nmi_isr_handler.c...
compiling start.c...
compiling system_MKL25Z4.c...
assembling startup_MKL25Z4.s...
compiling arm_cm0.c...
compiling cmp.c...
compiling llwu.c...
compiling lptmr.c...
compiling mcg.c...
compiling pmc.c...
compiling rcm.c...
compiling smc.c...
compiling uart.c...
compiling Serial.c...
D:\Profiles\B38350\My Documents\Code Repositories\L2K\L2K_SC_Launch\KL25_SC_Launch\klxx-sc-baremetal\src\drivers\uart\Serial.c(88): warning:  #111-D: statement is unreachable
compiling Retarget.c...
linking...
Program Size: Code=15704 RO-data=2692 RW-data=412 ZI-data=4764  
User command #2: C:\Keil\V4_60\ARM\ARMCC\bin\fromelf.exe --m32combined --output=.\twr-kl25Demo_Flash.bin ".\twr-kl25Demo_Flash.axf"
"twr-kl25Demo_Flash.axf" - 0 Error(s), 12 Warning(s).
Load "D:\\Profiles\\B38350\\My Documents\\Code Repositories\\L2K\\L2K_SC_Launch\\KL25_SC_Launch\\klxx-sc-baremetal\\build\\keil\\twr-kl25Demo\\twr-kl25Demo_Flash.AXF" 
Rebuild Project 'twr-kl25Demo' - Target 'KL25Z128 - Flash'
compiling twr-kl25Demo.c...
D:\Profiles\B38350\My Documents\Code Repositories\L2K\L2K_SC_Launch\KL25_SC_Launch\klxx-sc-baremetal\src\projects\twr-kl25Demo\twr-kl25Demo.c(45): warning:  #61-D: integer operation result is out of range
D:\Profiles\B38350\My Documents\Code Repositories\L2K\L2K_SC_Launch\KL25_SC_Launch\klxx-sc-baremetal\src\projects\twr-kl25Demo\twr-kl25Demo.c(45): warning:  #68-D: integer conversion resulted in a change of sign
compiling global.c...
compiling pit.c...
compiling angle_cal.c...
compiling asin.c...
compiling median.c...
compiling sqrt16.c...
compiling bsp_KL25.c...
compiling ROBOT_GPIO.c...
compiling twr_kl25_gpio.c...
compiling hal_dev_mma8451.c...
compiling hal_i2c.c...
compiling rtc.c...
compiling task_mgr.c...
compiling TSIDrv.c...
compiling ring_buffer.c...
compiling usb.c...
D:\Profiles\B38350\My Documents\Code Repositories\L2K\L2K_SC_Launch\KL25_SC_Launch\klxx-sc-baremetal\src\projects\twr-kl25Demo\usb\usb.c(186): warning:  #188-D: enumerated type mixed with another type
compiling usb_cdc.c...
compiling usb_reg.c...
D:\Profiles\B38350\My Documents\Code Repositories\L2K\L2K_SC_Launch\KL25_SC_Launch\klxx-sc-baremetal\src\projects\twr-kl25Demo\usb\usb_reg.c(8): warning:  #61-D: integer operation result is out of range
D:\Profiles\B38350\My Documents\Code Repositories\L2K\L2K_SC_Launch\KL25_SC_Launch\klxx-sc-baremetal\src\projects\twr-kl25Demo\usb\usb_reg.c(15): warning:  #61-D: integer operation result is out of range
D:\Profiles\B38350\My Documents\Code Repositories\L2K\L2K_SC_Launch\KL25_SC_Launch\klxx-sc-baremetal\src\projects\twr-kl25Demo\usb\usb_reg.c(15): warning:  #68-D: integer conversion resulted in a change of sign
D:\Profiles\B38350\My Documents\Code Repositories\L2K\L2K_SC_Launch\KL25_SC_Launch\klxx-sc-baremetal\src\projects\twr-kl25Demo\usb\usb_reg.c(23): warning:  #61-D: integer operation result is out of range
D:\Profiles\B38350\My Documents\Code Repositories\L2K\L2K_SC_Launch\KL25_SC_Launch\klxx-sc-baremetal\src\projects\twr-kl25Demo\usb\usb_reg.c(23): warning:  #68-D: integer conversion resulted in a change of sign
D:\Profiles\B38350\My Documents\Code Repositories\L2K\L2K_SC_Launch\KL25_SC_Launch\klxx-sc-baremetal\src\projects\twr-kl25Demo\usb\usb_reg.c(28): warning:  #1-D: last line of file ends without a newline
compiling adc_test.c...
compiling adc16.c...
compiling sysinit.c...
D:\Profiles\B38350\My Documents\Code Repositories\L2K\L2K_SC_Launch\KL25_SC_Launch\klxx-sc-baremetal\src\projects\twr-kl25Demo\sysinit.c(178): warning:  #188-D: enumerated type mixed with another type
compiling uif.c...
D:\Profiles\B38350\My Documents\Code Repositories\L2K\L2K_SC_Launch\KL25_SC_Launch\klxx-sc-baremetal\src\common\uif.c(162): warning:  #1293-D: assignment in condition
compiling alloc.c...
compiling assert.c...
compiling io.c...
compiling memtest.c...
compiling queue.c...
compiling stdlib.c...
compiling nmi_isr_handler.c...
compiling start.c...
compiling system_MKL25Z4.c...
assembling startup_MKL25Z4.s...
compiling arm_cm0.c...
compiling cmp.c...
compiling llwu.c...
compiling lptmr.c...
compiling mcg.c...
compiling pmc.c...
compiling rcm.c...
compiling smc.c...
compiling uart.c...
compiling Serial.c...
D:\Profiles\B38350\My Documents\Code Repositories\L2K\L2K_SC_Launch\KL25_SC_Launch\klxx-sc-baremetal\src\drivers\uart\Serial.c(88): warning:  #111-D: statement is unreachable
compiling Retarget.c...
linking...
Program Size: Code=15704 RO-data=2692 RW-data=412 ZI-data=4764  
User command #2: C:\Keil\V4_60\ARM\ARMCC\bin\fromelf.exe --m32combined --output=.\twr-kl25Demo_Flash.bin ".\twr-kl25Demo_Flash.axf"
"twr-kl25Demo_Flash.axf" - 0 Error(s), 12 Warning(s).
Load "D:\\Profiles\\B38350\\My Documents\\Code Repositories\\L2K\\L2K_SC_Launch\\KL25_SC_Launch\\klxx-sc-baremetal\\build\\keil\\twr-kl25Demo\\twr-kl25Demo_Flash.AXF" 
Load "D:\\Profiles\\B38350\\My Documents\\Code Repositories\\L2K\\L2K_SC_Launch\\KL25_SC_Launch\\klxx-sc-baremetal\\build\\keil\\twr-kl25Demo\\twr-kl25Demo_Flash.AXF" 
Rebuild Project 'twr-kl25Demo' - Target 'KL25Z128 - Flash'
compiling twr-kl25Demo.c...
D:\Profiles\B38350\My Documents\Code Repositories\L2K\L2K_SC_Launch\KL25_SC_Launch\klxx-sc-baremetal\src\projects\twr-kl25Demo\twr-kl25Demo.c(45): warning:  #61-D: integer operation result is out of range
D:\Profiles\B38350\My Documents\Code Repositories\L2K\L2K_SC_Launch\KL25_SC_Launch\klxx-sc-baremetal\src\projects\twr-kl25Demo\twr-kl25Demo.c(45): warning:  #68-D: integer conversion resulted in a change of sign
compiling global.c...
compiling pit.c...
compiling angle_cal.c...
compiling asin.c...
compiling median.c...
compiling sqrt16.c...
compiling bsp_KL25.c...
compiling ROBOT_GPIO.c...
compiling twr_kl25_gpio.c...
compiling hal_dev_mma8451.c...
compiling hal_i2c.c...
compiling rtc.c...
compiling task_mgr.c...
compiling TSIDrv.c...
compiling ring_buffer.c...
compiling usb.c...
D:\Profiles\B38350\My Documents\Code Repositories\L2K\L2K_SC_Launch\KL25_SC_Launch\klxx-sc-baremetal\src\projects\twr-kl25Demo\usb\usb.c(186): warning:  #188-D: enumerated type mixed with another type
compiling usb_cdc.c...
compiling usb_reg.c...
D:\Profiles\B38350\My Documents\Code Repositories\L2K\L2K_SC_Launch\KL25_SC_Launch\klxx-sc-baremetal\src\projects\twr-kl25Demo\usb\usb_reg.c(8): warning:  #61-D: integer operation result is out of range
D:\Profiles\B38350\My Documents\Code Repositories\L2K\L2K_SC_Launch\KL25_SC_Launch\klxx-sc-baremetal\src\projects\twr-kl25Demo\usb\usb_reg.c(15): warning:  #61-D: integer operation result is out of range
D:\Profiles\B38350\My Documents\Code Repositories\L2K\L2K_SC_Launch\KL25_SC_Launch\klxx-sc-baremetal\src\projects\twr-kl25Demo\usb\usb_reg.c(15): warning:  #68-D: integer conversion resulted in a change of sign
D:\Profiles\B38350\My Documents\Code Repositories\L2K\L2K_SC_Launch\KL25_SC_Launch\klxx-sc-baremetal\src\projects\twr-kl25Demo\usb\usb_reg.c(23): warning:  #61-D: integer operation result is out of range
D:\Profiles\B38350\My Documents\Code Repositories\L2K\L2K_SC_Launch\KL25_SC_Launch\klxx-sc-baremetal\src\projects\twr-kl25Demo\usb\usb_reg.c(23): warning:  #68-D: integer conversion resulted in a change of sign
D:\Profiles\B38350\My Documents\Code Repositories\L2K\L2K_SC_Launch\KL25_SC_Launch\klxx-sc-baremetal\src\projects\twr-kl25Demo\usb\usb_reg.c(28): warning:  #1-D: last line of file ends without a newline
compiling adc_test.c...
compiling adc16.c...
compiling sysinit.c...
D:\Profiles\B38350\My Documents\Code Repositories\L2K\L2K_SC_Launch\KL25_SC_Launch\klxx-sc-baremetal\src\projects\twr-kl25Demo\sysinit.c(178): warning:  #188-D: enumerated type mixed with another type
compiling uif.c...
D:\Profiles\B38350\My Documents\Code Repositories\L2K\L2K_SC_Launch\KL25_SC_Launch\klxx-sc-baremetal\src\common\uif.c(162): warning:  #1293-D: assignment in condition
compiling alloc.c...
compiling assert.c...
compiling io.c...
compiling memtest.c...
compiling queue.c...
compiling stdlib.c...
compiling nmi_isr_handler.c...
compiling start.c...
compiling system_MKL25Z4.c...
assembling startup_MKL25Z4.s...
compiling arm_cm0.c...
compiling cmp.c...
compiling llwu.c...
compiling lptmr.c...
compiling mcg.c...
compiling pmc.c...
compiling rcm.c...
compiling smc.c...
compiling uart.c...
compiling Serial.c...
D:\Profiles\B38350\My Documents\Code Repositories\L2K\L2K_SC_Launch\KL25_SC_Launch\klxx-sc-baremetal\src\drivers\uart\Serial.c(88): warning:  #111-D: statement is unreachable
compiling Retarget.c...
linking...
Program Size: Code=15704 RO-data=2692 RW-data=412 ZI-data=4764  
User command #2: C:\Keil\V4_60\ARM\ARMCC\bin\fromelf.exe --m32combined --output=.\twr-kl25Demo_Flash.bin ".\twr-kl25Demo_Flash.axf"
"twr-kl25Demo_Flash.axf" - 0 Error(s), 12 Warning(s).
Load "D:\\Profiles\\B38350\\My Documents\\Code Repositories\\L2K\\L2K_SC_Launch\\KL25_SC_Launch\\klxx-sc-baremetal\\build\\keil\\twr-kl25Demo\\twr-kl25Demo_Flash.AXF" 
Rebuild Project 'twr-kl25Demo' - Target 'KL25Z128 - Flash'
compiling twr-kl25Demo.c...
D:\Profiles\B38350\My Documents\Code Repositories\L2K\L2K_SC_Launch\KL25_SC_Launch\klxx-sc-baremetal\src\projects\twr-kl25Demo\twr-kl25Demo.c(45): warning:  #61-D: integer operation result is out of range
D:\Profiles\B38350\My Documents\Code Repositories\L2K\L2K_SC_Launch\KL25_SC_Launch\klxx-sc-baremetal\src\projects\twr-kl25Demo\twr-kl25Demo.c(45): warning:  #68-D: integer conversion resulted in a change of sign
compiling global.c...
compiling pit.c...
compiling angle_cal.c...
compiling asin.c...
compiling median.c...
compiling sqrt16.c...
compiling bsp_KL25.c...
compiling ROBOT_GPIO.c...
compiling twr_kl25_gpio.c...
compiling hal_dev_mma8451.c...
compiling hal_i2c.c...
compiling rtc.c...
compiling task_mgr.c...
compiling TSIDrv.c...
compiling ring_buffer.c...
compiling usb.c...
D:\Profiles\B38350\My Documents\Code Repositories\L2K\L2K_SC_Launch\KL25_SC_Launch\klxx-sc-baremetal\src\projects\twr-kl25Demo\usb\usb.c(186): warning:  #188-D: enumerated type mixed with another type
compiling usb_cdc.c...
compiling usb_reg.c...
D:\Profiles\B38350\My Documents\Code Repositories\L2K\L2K_SC_Launch\KL25_SC_Launch\klxx-sc-baremetal\src\projects\twr-kl25Demo\usb\usb_reg.c(8): warning:  #61-D: integer operation result is out of range
D:\Profiles\B38350\My Documents\Code Repositories\L2K\L2K_SC_Launch\KL25_SC_Launch\klxx-sc-baremetal\src\projects\twr-kl25Demo\usb\usb_reg.c(15): warning:  #61-D: integer operation result is out of range
D:\Profiles\B38350\My Documents\Code Repositories\L2K\L2K_SC_Launch\KL25_SC_Launch\klxx-sc-baremetal\src\projects\twr-kl25Demo\usb\usb_reg.c(15): warning:  #68-D: integer conversion resulted in a change of sign
D:\Profiles\B38350\My Documents\Code Repositories\L2K\L2K_SC_Launch\KL25_SC_Launch\klxx-sc-baremetal\src\projects\twr-kl25Demo\usb\usb_reg.c(23): warning:  #61-D: integer operation result is out of range
D:\Profiles\B38350\My Documents\Code Repositories\L2K\L2K_SC_Launch\KL25_SC_Launch\klxx-sc-baremetal\src\projects\twr-kl25Demo\usb\usb_reg.c(23): warning:  #68-D: integer conversion resulted in a change of sign
D:\Profiles\B38350\My Documents\Code Repositories\L2K\L2K_SC_Launch\KL25_SC_Launch\klxx-sc-baremetal\src\projects\twr-kl25Demo\usb\usb_reg.c(28): warning:  #1-D: last line of file ends without a newline
compiling adc_test.c...
compiling adc16.c...
compiling sysinit.c...
D:\Profiles\B38350\My Documents\Code Repositories\L2K\L2K_SC_Launch\KL25_SC_Launch\klxx-sc-baremetal\src\projects\twr-kl25Demo\sysinit.c(178): warning:  #188-D: enumerated type mixed with another type
compiling uif.c...
D:\Profiles\B38350\My Documents\Code Repositories\L2K\L2K_SC_Launch\KL25_SC_Launch\klxx-sc-baremetal\src\common\uif.c(162): warning:  #1293-D: assignment in condition
compiling alloc.c...
compiling assert.c...
compiling io.c...
compiling memtest.c...
compiling queue.c...
compiling stdlib.c...
compiling nmi_isr_handler.c...
compiling start.c...
compiling system_MKL25Z4.c...
assembling startup_MKL25Z4.s...
compiling arm_cm0.c...
compiling cmp.c...
compiling llwu.c...
compiling lptmr.c...
compiling mcg.c...
compiling pmc.c...
compiling rcm.c...
compiling smc.c...
compiling uart.c...
compiling Serial.c...
D:\Profiles\B38350\My Documents\Code Repositories\L2K\L2K_SC_Launch\KL25_SC_Launch\klxx-sc-baremetal\src\drivers\uart\Serial.c(88): warning:  #111-D: statement is unreachable
compiling Retarget.c...
linking...
Program Size: Code=15704 RO-data=2692 RW-data=412 ZI-data=4764  
User command #2: C:\Keil\V4_60\ARM\ARMCC\bin\fromelf.exe --m32combined --output=.\twr-kl25Demo_Flash.bin ".\twr-kl25Demo_Flash.axf"
"twr-kl25Demo_Flash.axf" - 0 Error(s), 12 Warning(s).
Load "D:\\Profiles\\B38350\\My Documents\\Code Repositories\\L2K\\L2K_SC_Launch\\KL25_SC_Launch\\klxx-sc-baremetal\\build\\keil\\twr-kl25Demo\\twr-kl25Demo_Flash.AXF" 
Rebuild Project 'twr-kl25Demo' - Target 'KL25Z128 - Flash'
compiling twr-kl25Demo.c...
D:\Profiles\B38350\My Documents\Code Repositories\L2K\L2K_SC_Launch\KL25_SC_Launch\klxx-sc-baremetal\src\projects\twr-kl25Demo\twr-kl25Demo.c(45): warning:  #61-D: integer operation result is out of range
D:\Profiles\B38350\My Documents\Code Repositories\L2K\L2K_SC_Launch\KL25_SC_Launch\klxx-sc-baremetal\src\projects\twr-kl25Demo\twr-kl25Demo.c(45): warning:  #68-D: integer conversion resulted in a change of sign
compiling global.c...
compiling pit.c...
compiling angle_cal.c...
compiling asin.c...
compiling median.c...
compiling sqrt16.c...
compiling bsp_KL25.c...
compiling ROBOT_GPIO.c...
compiling twr_kl25_gpio.c...
compiling hal_dev_mma8451.c...
compiling hal_i2c.c...
compiling rtc.c...
compiling task_mgr.c...
compiling TSIDrv.c...
compiling ring_buffer.c...
compiling usb.c...
D:\Profiles\B38350\My Documents\Code Repositories\L2K\L2K_SC_Launch\KL25_SC_Launch\klxx-sc-baremetal\src\projects\twr-kl25Demo\usb\usb.c(186): warning:  #188-D: enumerated type mixed with another type
compiling usb_cdc.c...
compiling usb_reg.c...
D:\Profiles\B38350\My Documents\Code Repositories\L2K\L2K_SC_Launch\KL25_SC_Launch\klxx-sc-baremetal\src\projects\twr-kl25Demo\usb\usb_reg.c(8): warning:  #61-D: integer operation result is out of range
D:\Profiles\B38350\My Documents\Code Repositories\L2K\L2K_SC_Launch\KL25_SC_Launch\klxx-sc-baremetal\src\projects\twr-kl25Demo\usb\usb_reg.c(15): warning:  #61-D: integer operation result is out of range
D:\Profiles\B38350\My Documents\Code Repositories\L2K\L2K_SC_Launch\KL25_SC_Launch\klxx-sc-baremetal\src\projects\twr-kl25Demo\usb\usb_reg.c(15): warning:  #68-D: integer conversion resulted in a change of sign
D:\Profiles\B38350\My Documents\Code Repositories\L2K\L2K_SC_Launch\KL25_SC_Launch\klxx-sc-baremetal\src\projects\twr-kl25Demo\usb\usb_reg.c(23): warning:  #61-D: integer operation result is out of range
D:\Profiles\B38350\My Documents\Code Repositories\L2K\L2K_SC_Launch\KL25_SC_Launch\klxx-sc-baremetal\src\projects\twr-kl25Demo\usb\usb_reg.c(23): warning:  #68-D: integer conversion resulted in a change of sign
D:\Profiles\B38350\My Documents\Code Repositories\L2K\L2K_SC_Launch\KL25_SC_Launch\klxx-sc-baremetal\src\projects\twr-kl25Demo\usb\usb_reg.c(28): warning:  #1-D: last line of file ends without a newline
compiling adc_test.c...
compiling adc16.c...
compiling sysinit.c...
D:\Profiles\B38350\My Documents\Code Repositories\L2K\L2K_SC_Launch\KL25_SC_Launch\klxx-sc-baremetal\src\projects\twr-kl25Demo\sysinit.c(183): warning:  #188-D: enumerated type mixed with another type
compiling uif.c...
D:\Profiles\B38350\My Documents\Code Repositories\L2K\L2K_SC_Launch\KL25_SC_Launch\klxx-sc-baremetal\src\common\uif.c(162): warning:  #1293-D: assignment in condition
compiling alloc.c...
compiling assert.c...
compiling io.c...
compiling memtest.c...
compiling queue.c...
compiling stdlib.c...
compiling nmi_isr_handler.c...
compiling start.c...
compiling system_MKL25Z4.c...
assembling startup_MKL25Z4.s...
compiling arm_cm0.c...
compiling cmp.c...
compiling llwu.c...
compiling lptmr.c...
compiling mcg.c...
compiling pmc.c...
compiling rcm.c...
compiling smc.c...
compiling uart.c...
compiling Serial.c...
D:\Profiles\B38350\My Documents\Code Repositories\L2K\L2K_SC_Launch\KL25_SC_Launch\klxx-sc-baremetal\src\drivers\uart\Serial.c(88): warning:  #111-D: statement is unreachable
compiling Retarget.c...
linking...
Program Size: Code=15700 RO-data=2692 RW-data=412 ZI-data=4764  
User command #2: C:\Keil\V4_60\ARM\ARMCC\bin\fromelf.exe --m32combined --output=.\twr-kl25Demo_Flash.bin ".\twr-kl25Demo_Flash.axf"
"twr-kl25Demo_Flash.axf" - 0 Error(s), 12 Warning(s).
Load "D:\\Profiles\\B38350\\My Documents\\Code Repositories\\L2K\\L2K_SC_Launch\\KL25_SC_Launch\\klxx-sc-baremetal\\build\\keil\\twr-kl25Demo\\twr-kl25Demo_Flash.AXF" 
