<html>
<body>
<pre>
<h1>µVision Build Log</h1>
<h2>Project:</h2>
D:\Profiles\B38350\My Documents\Code Repositories\L2K\L2K_SC_Launch\KL25_SC_Launch\klxx-sc-baremetal\build\keil\LQRUG_bme_ex2\LQRUG_bme_ex2.uvproj
Project File Date:  11/01/2012

<h2>Output:</h2>
Rebuild Project 'LQRUG_bme_ex2' - Target 'KL25Z128 - Flash'
compiling LQRUG_bme_ex2.c...
D:\Profiles\B38350\My Documents\Code Repositories\L2K\L2K_SC_Launch\KL25_SC_Launch\klxx-sc-baremetal\src\projects\LQRUG_bme_ex2\LQRUG_bme_ex2.c(56): warning:  #188-D: enumerated type mixed with another type
D:\Profiles\B38350\My Documents\Code Repositories\L2K\L2K_SC_Launch\KL25_SC_Launch\klxx-sc-baremetal\src\projects\LQRUG_bme_ex2\LQRUG_bme_ex2.c(57): warning:  #188-D: enumerated type mixed with another type
D:\Profiles\B38350\My Documents\Code Repositories\L2K\L2K_SC_Launch\KL25_SC_Launch\klxx-sc-baremetal\src\projects\LQRUG_bme_ex2\LQRUG_bme_ex2.c(93): warning:  #188-D: enumerated type mixed with another type
D:\Profiles\B38350\My Documents\Code Repositories\L2K\L2K_SC_Launch\KL25_SC_Launch\klxx-sc-baremetal\src\projects\LQRUG_bme_ex2\LQRUG_bme_ex2.c(94): warning:  #188-D: enumerated type mixed with another type
D:\Profiles\B38350\My Documents\Code Repositories\L2K\L2K_SC_Launch\KL25_SC_Launch\klxx-sc-baremetal\src\projects\LQRUG_bme_ex2\LQRUG_bme_ex2.c(163): warning:  #1-D: last line of file ends without a newline
compiling adc.c...
D:\Profiles\B38350\My Documents\Code Repositories\L2K\L2K_SC_Launch\KL25_SC_Launch\klxx-sc-baremetal\src\projects\LQRUG_bme_ex2\BME.h(196): warning:  #1-D: last line of file ends without a newline
compiling gpio.c...
D:\Profiles\B38350\My Documents\Code Repositories\L2K\L2K_SC_Launch\KL25_SC_Launch\klxx-sc-baremetal\src\projects\LQRUG_bme_ex2\BME.h(196): warning:  #1-D: last line of file ends without a newline
compiling lptmr.c...
D:\Profiles\B38350\My Documents\Code Repositories\L2K\L2K_SC_Launch\KL25_SC_Launch\klxx-sc-baremetal\src\projects\LQRUG_bme_ex2\BME.h(196): warning:  #1-D: last line of file ends without a newline
D:\Profiles\B38350\My Documents\Code Repositories\L2K\L2K_SC_Launch\KL25_SC_Launch\klxx-sc-baremetal\src\projects\LQRUG_bme_ex2\lptmr.c(113): warning:  #1-D: last line of file ends without a newline
compiling systick.c...
D:\Profiles\B38350\My Documents\Code Repositories\L2K\L2K_SC_Launch\KL25_SC_Launch\klxx-sc-baremetal\src\projects\LQRUG_bme_ex2\systick.c(37): warning:  #1-D: last line of file ends without a newline
compiling uif.c...
D:\Profiles\B38350\My Documents\Code Repositories\L2K\L2K_SC_Launch\KL25_SC_Launch\klxx-sc-baremetal\src\common\uif.c(162): warning:  #1293-D: assignment in condition
compiling alloc.c...
compiling assert.c...
compiling io.c...
compiling memtest.c...
compiling queue.c...
compiling stdlib.c...
compiling nmi_isr_handler.c...
compiling start.c...
compiling sysinit.c...
compiling system_MKL25Z4.c...
assembling startup_MKL25Z4.s...
compiling cmp.c...
compiling llwu.c...
compiling mcg.c...
compiling pmc.c...
compiling rcm.c...
compiling rtc.c...
compiling smc.c...
compiling uart.c...
compiling Serial.c...
D:\Profiles\B38350\My Documents\Code Repositories\L2K\L2K_SC_Launch\KL25_SC_Launch\klxx-sc-baremetal\src\drivers\uart\Serial.c(88): warning:  #111-D: statement is unreachable
compiling Retarget.c...
linking...
Program Size: Code=10500 RO-data=2004 RW-data=60 ZI-data=0  
User command #1: C:\Keil\V4_60\ARM\ARMCC\bin\fromelf.exe --bincombined --output=.\LQRUG_bme_ex2_Flash.bin ".\LQRUG_bme_ex2_Flash.axf"
"LQRUG_bme_ex2_Flash.axf" - 0 Error(s), 12 Warning(s).
Rebuild Project 'LQRUG_bme_ex2' - Target 'KL25Z128 - Flash'
compiling LQRUG_bme_ex2.c...
D:\Profiles\B38350\My Documents\Code Repositories\L2K\L2K_SC_Launch\KL25_SC_Launch\klxx-sc-baremetal\src\projects\LQRUG_bme_ex2\LQRUG_bme_ex2.c(56): warning:  #188-D: enumerated type mixed with another type
D:\Profiles\B38350\My Documents\Code Repositories\L2K\L2K_SC_Launch\KL25_SC_Launch\klxx-sc-baremetal\src\projects\LQRUG_bme_ex2\LQRUG_bme_ex2.c(57): warning:  #188-D: enumerated type mixed with another type
D:\Profiles\B38350\My Documents\Code Repositories\L2K\L2K_SC_Launch\KL25_SC_Launch\klxx-sc-baremetal\src\projects\LQRUG_bme_ex2\LQRUG_bme_ex2.c(93): warning:  #188-D: enumerated type mixed with another type
D:\Profiles\B38350\My Documents\Code Repositories\L2K\L2K_SC_Launch\KL25_SC_Launch\klxx-sc-baremetal\src\projects\LQRUG_bme_ex2\LQRUG_bme_ex2.c(94): warning:  #188-D: enumerated type mixed with another type
D:\Profiles\B38350\My Documents\Code Repositories\L2K\L2K_SC_Launch\KL25_SC_Launch\klxx-sc-baremetal\src\projects\LQRUG_bme_ex2\LQRUG_bme_ex2.c(163): warning:  #1-D: last line of file ends without a newline
compiling adc.c...
compiling gpio.c...
compiling lptmr.c...
compiling systick.c...
compiling uif.c...
D:\Profiles\B38350\My Documents\Code Repositories\L2K\L2K_SC_Launch\KL25_SC_Launch\klxx-sc-baremetal\src\common\uif.c(162): warning:  #1293-D: assignment in condition
compiling alloc.c...
compiling assert.c...
compiling io.c...
compiling memtest.c...
compiling queue.c...
compiling stdlib.c...
compiling nmi_isr_handler.c...
compiling start.c...
compiling sysinit.c...
compiling system_MKL25Z4.c...
assembling startup_MKL25Z4.s...
compiling cmp.c...
compiling llwu.c...
compiling mcg.c...
compiling pmc.c...
compiling rcm.c...
compiling rtc.c...
compiling smc.c...
compiling uart.c...
compiling Serial.c...
D:\Profiles\B38350\My Documents\Code Repositories\L2K\L2K_SC_Launch\KL25_SC_Launch\klxx-sc-baremetal\src\drivers\uart\Serial.c(88): warning:  #111-D: statement is unreachable
compiling Retarget.c...
linking...
Program Size: Code=10500 RO-data=2004 RW-data=60 ZI-data=0  
User command #1: C:\Keil\V4_60\ARM\ARMCC\bin\fromelf.exe --bincombined --output=.\LQRUG_bme_ex2_Flash.bin ".\LQRUG_bme_ex2_Flash.axf"
"LQRUG_bme_ex2_Flash.axf" - 0 Error(s), 7 Warning(s).
Rebuild Project 'LQRUG_bme_ex2' - Target 'KL25Z128 - Flash'
compiling LQRUG_bme_ex2.c...
D:\Profiles\B38350\My Documents\Code Repositories\L2K\L2K_SC_Launch\KL25_SC_Launch\klxx-sc-baremetal\src\projects\LQRUG_bme_ex2\LQRUG_bme_ex2.c(56): warning:  #188-D: enumerated type mixed with another type
D:\Profiles\B38350\My Documents\Code Repositories\L2K\L2K_SC_Launch\KL25_SC_Launch\klxx-sc-baremetal\src\projects\LQRUG_bme_ex2\LQRUG_bme_ex2.c(57): warning:  #188-D: enumerated type mixed with another type
D:\Profiles\B38350\My Documents\Code Repositories\L2K\L2K_SC_Launch\KL25_SC_Launch\klxx-sc-baremetal\src\projects\LQRUG_bme_ex2\LQRUG_bme_ex2.c(93): warning:  #188-D: enumerated type mixed with another type
D:\Profiles\B38350\My Documents\Code Repositories\L2K\L2K_SC_Launch\KL25_SC_Launch\klxx-sc-baremetal\src\projects\LQRUG_bme_ex2\LQRUG_bme_ex2.c(94): warning:  #188-D: enumerated type mixed with another type
D:\Profiles\B38350\My Documents\Code Repositories\L2K\L2K_SC_Launch\KL25_SC_Launch\klxx-sc-baremetal\src\projects\LQRUG_bme_ex2\LQRUG_bme_ex2.c(163): warning:  #1-D: last line of file ends without a newline
compiling adc.c...
compiling gpio.c...
compiling lptmr.c...
compiling systick.c...
compiling uif.c...
D:\Profiles\B38350\My Documents\Code Repositories\L2K\L2K_SC_Launch\KL25_SC_Launch\klxx-sc-baremetal\src\common\uif.c(162): warning:  #1293-D: assignment in condition
compiling alloc.c...
compiling assert.c...
compiling io.c...
compiling memtest.c...
compiling queue.c...
compiling stdlib.c...
compiling nmi_isr_handler.c...
compiling start.c...
compiling sysinit.c...
compiling system_MKL25Z4.c...
assembling startup_MKL25Z4.s...
compiling cmp.c...
compiling llwu.c...
compiling mcg.c...
compiling pmc.c...
compiling rcm.c...
compiling rtc.c...
compiling smc.c...
compiling uart.c...
compiling Serial.c...
D:\Profiles\B38350\My Documents\Code Repositories\L2K\L2K_SC_Launch\KL25_SC_Launch\klxx-sc-baremetal\src\drivers\uart\Serial.c(88): warning:  #111-D: statement is unreachable
compiling Retarget.c...
linking...
Program Size: Code=10488 RO-data=2072 RW-data=60 ZI-data=0  
User command #1: C:\Keil\V4_60\ARM\ARMCC\bin\fromelf.exe --bincombined --output=.\LQRUG_bme_ex2_Flash.bin ".\LQRUG_bme_ex2_Flash.axf"
"LQRUG_bme_ex2_Flash.axf" - 0 Error(s), 7 Warning(s).
