<html>
<body>
<pre>
<h1>µVision Build Log</h1>
<h2>Project:</h2>
D:\Profiles\B38350\My Documents\Code Repositories\L2K\L2K_SC_Launch\KL25_SC_Launch\klxx-sc-baremetal\build\keil\twr_spi_demo\twr_spi_demo.uvproj
Project File Date:  12/06/2012

<h2>Output:</h2>
Rebuild Project 'twr_spi_demo' - Target 'KL25Z128 - Flash'
compiling twr_spi_demo.c...
D:\Profiles\B38350\My Documents\Code Repositories\L2K\L2K_SC_Launch\KL25_SC_Launch\klxx-sc-baremetal\src\projects\twr_spi_demo\twr_spi_demo.c(37): warning:  #550-D: variable "ch" was set but never used
D:\Profiles\B38350\My Documents\Code Repositories\L2K\L2K_SC_Launch\KL25_SC_Launch\klxx-sc-baremetal\src\projects\twr_spi_demo\twr_spi_demo.c(186): warning:  #188-D: enumerated type mixed with another type
D:\Profiles\B38350\My Documents\Code Repositories\L2K\L2K_SC_Launch\KL25_SC_Launch\klxx-sc-baremetal\src\projects\twr_spi_demo\twr_spi_demo.c(187): warning:  #188-D: enumerated type mixed with another type
D:\Profiles\B38350\My Documents\Code Repositories\L2K\L2K_SC_Launch\KL25_SC_Launch\klxx-sc-baremetal\src\projects\twr_spi_demo\twr_spi_demo.c(188): warning:  #188-D: enumerated type mixed with another type
D:\Profiles\B38350\My Documents\Code Repositories\L2K\L2K_SC_Launch\KL25_SC_Launch\klxx-sc-baremetal\src\projects\twr_spi_demo\twr_spi_demo.c(189): warning:  #188-D: enumerated type mixed with another type
D:\Profiles\B38350\My Documents\Code Repositories\L2K\L2K_SC_Launch\KL25_SC_Launch\klxx-sc-baremetal\src\projects\twr_spi_demo\twr_spi_demo.c(244): warning:  #188-D: enumerated type mixed with another type
D:\Profiles\B38350\My Documents\Code Repositories\L2K\L2K_SC_Launch\KL25_SC_Launch\klxx-sc-baremetal\src\projects\twr_spi_demo\twr_spi_demo.c(245): warning:  #188-D: enumerated type mixed with another type
D:\Profiles\B38350\My Documents\Code Repositories\L2K\L2K_SC_Launch\KL25_SC_Launch\klxx-sc-baremetal\src\projects\twr_spi_demo\twr_spi_demo.c(246): warning:  #188-D: enumerated type mixed with another type
D:\Profiles\B38350\My Documents\Code Repositories\L2K\L2K_SC_Launch\KL25_SC_Launch\klxx-sc-baremetal\src\projects\twr_spi_demo\twr_spi_demo.c(247): warning:  #188-D: enumerated type mixed with another type
compiling uif.c...
D:\Profiles\B38350\My Documents\Code Repositories\L2K\L2K_SC_Launch\KL25_SC_Launch\klxx-sc-baremetal\src\common\uif.c(162): warning:  #1293-D: assignment in condition
compiling alloc.c...
compiling assert.c...
compiling io.c...
compiling memtest.c...
compiling queue.c...
compiling stdlib.c...
compiling nmi_isr_handler.c...
compiling start.c...
compiling sysinit.c...
compiling system_MKL25Z4.c...
assembling startup_MKL25Z4.s...
compiling arm_cm0.c...
compiling cmp.c...
compiling llwu.c...
compiling lptmr.c...
compiling mcg.c...
compiling pmc.c...
compiling rcm.c...
compiling rtc.c...
compiling smc.c...
compiling uart.c...
compiling Serial.c...
D:\Profiles\B38350\My Documents\Code Repositories\L2K\L2K_SC_Launch\KL25_SC_Launch\klxx-sc-baremetal\src\drivers\uart\Serial.c(88): warning:  #111-D: statement is unreachable
compiling Retarget.c...
linking...
Program Size: Code=9148 RO-data=2348 RW-data=80 ZI-data=60  
User command #1: C:\Keil\V4_60\ARM\ARMCC\bin\fromelf.exe --bincombined --output=.\twr_spi_demo_Flash.bin ".\twr_spi_demo_Flash.axf"
"twr_spi_demo_Flash.axf" - 0 Error(s), 11 Warning(s).
